
Number of Stations            : 21
Actual Simulation Time        : 1800000254 usecs
Maximum Simulation Time       : 1800000000 usecs
Calls Transmitted Over Cable  : 2538393
Calls Queued Waiting For Cable: 704422
Calls Actually Corrupted      : 30684
Bits Transmitted Over Cable   : -720900240
Transmission Rate             : -0.401 Mbps

Station  Orig   QPass  QFail  QCable  Block  Coll   Fail   Term   Corr 
         Calls  Calls  Calls  Calls   Calls  Calls  Calls  Calls  Calls
-----------------------------------------------------------------------
000001  115697   1713      0   32044   8050  41344      0 120958   1447
000002  115224   1705      0   32115   7987  41412      0 120674   1358
000003  115276   1740      0   32204   8242  42321      0 121065   1381
000004  115406   1819      0   32202   8226  41938      0 120961   1412
000005  115387   1746      0   32029   8074  40967      0 121069   1470
000006  115283   1794      0   32127   8031  41338      0 120798   1472
000007  115977   1785      0   32267   8185  41589      0 120633   1417
000008  115921   1713      0   32205   8141  41601      0 121030   1445
000009  115212   1787      0   32098   8143  41717      0 121282   1444
000010  114935   1770      0   32324   8248  41832      0 121088   1395
000011  115140   1647      0   32133   8051  40886      0 120867   1346
000012  116321   1802      0   32676   8180  42071      0 121711   1414
000013  115613   1762      0   32112   8102  41702      0 121221   1376
000014  115502   1759      0   32174   8126  41627      0 121475   1412
000015  115319   1826      0   32170   8212  41798      0 121449   1404
000016  115165   1717      0   32121   7952  41122      0 120964   1379
000017  115199   1772      0   32135   8165  41689      0 120923   1425
000018  114911   1704      0   32143   8072  41205      0 121068   1453
000019  115486   1776      0   32062   8126  41702      0 121149   1394
000020  115245   1789      0   31970   8144  41430      0 121075   1383
000100  230175   6952      0   61111  16085  80269      0 115859   1379
-----------------------------------------------------------------------
Totals  2538394  42078      0  704422 178542 911560      0 2537319  29606

Station Avg     Avg    Avg      Avg    Avg    Inter  
        Station Cable  Back Off Trans  Call   Arrival
        Q Time  Q Time Time     Time   Time   Time   
        (usec)  (usec) (usec)   (usec) (usec) (usec) 
-----------------------------------------------------
000001        3     24       30    152    239   15557
000002        4     24       31    152    241   15621
000003        3     24       31    152    241   15614
000004        4     24       32    152    243   15597
000005        3     24       29    152    239   15599
000006        3     24       31    152    240   15613
000007        3     24       30    152    240   15520
000008        3     24       31    152    241   15527
000009        3     24       31    153    241   15623
000010        3     25       32    152    243   15661
000011        3     24       30    152    240   15633
000012        4     24       31    152    242   15474
000013        3     24       31    152    241   15569
000014        4     24       31    152    242   15584
000015        3     24       32    152    242   15608
000016        3     24       31    152    241   15629
000017        4     24       32    152    242   15625
000018        3     24       31    152    241   15664
000019        3     24       31    153    241   15586
000020        3     24       31    152    241   15618
000100        8     23       29    153    242    7820
